待處理 700 宗
[1/700] 08245 烽翼集團 -> 1行 NO_NAMED_PLACEE(泛稱定義冇具名)
[2/700] 02350 數科集團 -> 1行 NO_PLACEE_DEF
[3/700] 00476 科軒動力控股 -> 4行 金章科技有限公司,香港岷壬科技股份有限公司,焰星科技有限公司,坤錦控股有限公司
[4/700] 08079 曌生命 -> 1行 俊昇香港創意媒體有限公司
[5/700] 01332 透雲生物 -> 1行 彭毅先生
[6/700] 09988 阿里巴巴－Ｗ -> 1行 NO_PLACEE_DEF
[7/700] 01918 融創中國 -> 1行 NO_PLACEE_DEF
[8/700] 00899 中加國信 -> 1行 NO_NAMED_PLACEE(泛稱定義冇具名)
[9/700] 01020 中細軟科技 -> 1行 NO_PLACEE_DEF
[10/700] 00601 稀鎂科技 -> 1行 NO_NAMED_PLACEE(泛稱定義冇具名)
[11/700] 00092 冠軍科技集團 -> 1行 NO_PLACEE_DEF
[12/700] 08547 PACIFIC LEGEND -> 1行 黃月嫦女士
[13/700] 01091 南方錳業 -> 1行 NO_NAMED_PLACEE(泛稱定義冇具名)
[14/700] 01725 中國技術集團 -> 1行 NO_NAMED_PLACEE(泛稱定義冇具名)
[15/700] 01160 金石資本集團 -> 1行 NO_NAMED_PLACEE(泛稱定義冇具名)
[16/700] 00875 從玉智農 -> 1行 NO_NAMED_PLACEE(泛稱定義冇具名)
[17/700] 01429 天任集團 -> 1行 NO_NAMED_PLACEE(泛稱定義冇具名)
[18/700] 09963 高科橋光導 -> 1行 NO_NAMED_PLACEE(泛稱定義冇具名)
[19/700] 00931 中國港能 -> 1行 認購方為星火實業集團（香港）有限公司
[20/700] 01384 滴普科技 -> 1行 NO_PLACEE_DEF
[21/700] 01869 貓屎咖啡控股 -> 1行 NO_NAMED_PLACEE(泛稱定義冇具名)
[22/700] 01626 嘉耀控股 -> 1行 NO_PLACEE_DEF
[23/700] 01783 晉景新能 -> 1行 NO_NAMED_PLACEE(泛稱定義冇具名)
[24/700] 01865 鵬高控股集團 -> 1行 NO_NAMED_PLACEE(泛稱定義冇具名)
[25/700] 01539 知行集團控股 -> 1行 NO_PLACEE_DEF
[26/700] 03919 金力集團 -> 1行 高健行先生
[27/700] 02330 中國上城 -> 1行 NO_NAMED_PLACEE(泛稱定義冇具名)
[28/700] 00348 中國智能健康 -> 1行 陳麗金女士
[29/700] 08247 中生北控生物科技 -> 1行 NO_PLACEE_DEF
[30/700] 02473 喜相逢集團 -> 1行 NO_PLACEE_DEF
[31/700] 00261 ＧＢＡ集團 -> 1行 NO_NAMED_PLACEE(泛稱定義冇具名)
[32/700] 00290 國富量子 -> 1行 NO_PLACEE_DEF
[33/700] 02652 長風藥業 -> 1行 NO_NAMED_PLACEE(泛稱定義冇具名)
[34/700] 02511 君聖泰醫藥－Ｂ -> 1行 NO_PLACEE_DEF
[35/700] 08198 加幂科技 -> 1行 NO_NAMED_PLACEE(泛稱定義冇具名)
[36/700] 08635 大象控股集團 -> 1行 NO_NAMED_PLACEE(泛稱定義冇具名)
[37/700] 00544 大同集團 -> 1行 Victoria Sight Capital
[38/700] 08412 新愛德集團 -> 1行 王宁先生
[39/700] 08373 靛藍星 -> 1行 NO_PLACEE_DEF
[40/700] 03680 瑞和數智 -> 1行 NO_NAMED_PLACEE(泛稱定義冇具名)
[41/700] 00804 鼎石資本 -> 1行 NO_NAMED_PLACEE(泛稱定義冇具名)
[42/700] 08406 中國口腔產業 -> 1行 NO_NAMED_PLACEE(泛稱定義冇具名)
[43/700] 08373 靛藍星 -> 1行 NO_PLACEE_DEF
[44/700] 01333 博雷頓 -> 1行 NO_PLACEE_DEF
[45/700] 00389 通天酒業 -> 1行 NO_NAMED_PLACEE(泛稱定義冇具名)
[46/700] 02501 邁越科技 -> 1行 NO_NAMED_PLACEE(泛稱定義冇具名)
[47/700] 00476 科軒動力控股 -> 1行 數智集團有限公司
[48/700] 08160 GOLDWAY EDU -> 1行 NO_PLACEE_DEF
[49/700] 01449 立德教育 -> 1行 NO_PLACEE_DEF
[50/700] 08125 榮記萬通 -> 1行 NO_NAMED_PLACEE(泛稱定義冇具名)
[51/700] 01094 承輝國際 -> 1行 NO_NAMED_PLACEE(泛稱定義冇具名)
[52/700] 00568 山東墨龍 -> 1行 NO_PLACEE_DEF
[53/700] 02431 佑駕創新 -> 1行 NO_NAMED_PLACEE(泛稱定義冇具名)
[54/700] 02410 同源康醫藥－Ｂ -> 1行 Anchor International Limited
[55/700] 01416 CTR HOLDINGS -> 1行 NO_PLACEE_DEF
[56/700] 08365 亦辰集團 -> 1行 NO_PLACEE_DEF
[57/700] 01870 綠色電能集團 -> 1行 NO_NAMED_PLACEE(泛稱定義冇具名)
[58/700] 02369 酷派集團 -> 1行 NO_NAMED_PLACEE(泛稱定義冇具名)
[59/700] 02603 吉宏股份 -> 1行 NO_NAMED_PLACEE(泛稱定義冇具名)
[60/700] 09689 金泰豐國際控股 -> 1行 NO_NAMED_PLACEE(泛稱定義冇具名)
[61/700] 08482 萬勵達 -> 1行 會主席呂克宜先生
[62/700] 02595 勁方醫藥－Ｂ -> 1行 NO_NAMED_PLACEE(泛稱定義冇具名)
[63/700] 03669 永達汽車 -> 1行 NO_PLACEE_DEF
[64/700] 08401 華夏水務集團 -> 1行 NO_NAMED_PLACEE(泛稱定義冇具名)
[65/700] 00979 綠色能源科技集團 -> 1行 NO_NAMED_PLACEE(泛稱定義冇具名)
[66/700] 00643 恆富控股 -> 1行 NO_NAMED_PLACEE(泛稱定義冇具名)
[67/700] 02477 經緯天地 -> 1行 NO_PLACEE_DEF
[68/700] 08377 維港育馬 -> 1行 NO_NAMED_PLACEE(泛稱定義冇具名)
[69/700] 00100 MINIMAX-W -> 1行 NO_NAMED_PLACEE(泛稱定義冇具名)
[70/700] 02685 量化派 -> 1行 Fortune Financial Products Limited
[71/700] 01452 迪諾斯環保 -> 1行 趙姝女士
[72/700] 02513 智譜 -> 1行 NO_NAMED_PLACEE(泛稱定義冇具名)
[73/700] 09903 天數智芯 -> 1行 香港聯合交易所有限公司
[74/700] 08368 中國創意控股 -> 1行 NO_PLACEE_DEF
[75/700] 06990 科倫博泰生物 -> 1行 NO_NAMED_PLACEE(泛稱定義冇具名)
[76/700] 08367 倩碧控股 -> 1行 NO_PLACEE_DEF
[77/700] 01716 毛記葵涌 -> 1行 NO_NAMED_PLACEE(泛稱定義冇具名)
[78/700] 01894 恒益控股 -> 2行 黃慶華,葉靈川
[79/700] 00419 弘毅文化集團 -> 1行 NO_PLACEE_DEF
[80/700] 08340 紫荊國際金融 -> 1行 NO_PLACEE_DEF
[81/700] 01985 美高域 -> 1行 NO_NAMED_PLACEE(泛稱定義冇具名)
[82/700] 06082 壁仞科技 -> 1行 NO_NAMED_PLACEE(泛稱定義冇具名)
[83/700] 06651 五一視界 -> 1行 NO_PLACEE_DEF
[84/700] 03317 迅策 -> 1行 NO_NAMED_PLACEE(泛稱定義冇具名)
[85/700] 08239 首都金融控股 -> 1行 NO_PLACEE_DEF
[86/700] 00377 中國華君 -> 1行 NO_NAMED_PLACEE(泛稱定義冇具名)
[87/700] 00377 中國華君 -> 1行 NO_NAMED_PLACEE(泛稱定義冇具名)
[88/700] 01842 植華集團 -> 1行 Charming Blaze Limited
[89/700] 01950 帝王實業控股 -> 1行 NO_NAMED_PLACEE(泛稱定義冇具名)
Cannot set non-stroke color: 2 components specified, but only 1 (grayscale), 3 (RGB), and 4 (CMYK) are supported
[90/700] 01728 正通汽車 -> 1行 NO_NAMED_PLACEE(泛稱定義冇具名)
[91/700] 01835 瑞威資管 -> 1行 NO_ANN_FOUND(w=10)
[92/700] 08137 洪橋集團 -> 1行 NO_PLACEE_DEF
[93/700] 01396 粵港灣智算 -> 1行 NO_PLACEE_DEF
[94/700] 01783 晉景新能 -> 1行 NO_PLACEE_DEF
[95/700] 02028 映美控股 -> 1行 NO_NAMED_PLACEE(泛稱定義冇具名)
[96/700] 01142 能源及能量環球 -> 1行 Smart Concept Technology Limited
[97/700] 01142 能源及能量環球 -> 1行 Smart Concept Technology Limited
[98/700] 01949 佰達國際控股 -> 1行 香港天草生態科技股份有限公司
[99/700] 00377 中國華君 -> 1行 NO_PLACEE_DEF
[100/700] 01943 金石控股集團 -> 1行 NO_NAMED_PLACEE(泛稱定義冇具名)
[101/700] 01156 CHINANEWENERGY -> 1行 NO_NAMED_PLACEE(泛稱定義冇具名)
[102/700] 08620 亞洲速運 -> 1行 NO_PLACEE_DEF
[103/700] 02651 大眾口腔 -> 1行 NO_NAMED_PLACEE(泛稱定義冇具名)
[104/700] 02650 摯達科技 -> 1行 NO_NAMED_PLACEE(泛稱定義冇具名)
[105/700] 00632 中港石油 -> 1行 NO_NAMED_PLACEE(泛稱定義冇具名)
[106/700] 00527 瑞風綠能智算 -> 1行 NO_NAMED_PLACEE(泛稱定義冇具名)
[107/700] 08123 華億金控 -> 1行 NO_ANN_FOUND(w=10)
[108/700] 01025 嘉藝控股 -> 1行 NO_NAMED_PLACEE(泛稱定義冇具名)
[109/700] 03708 世界數字經濟產業 -> 1行 中國鑄晨81金融有限公司
[110/700] 02166 芯智控股 -> 1行 NO_NAMED_PLACEE(泛稱定義冇具名)
[111/700] 08003 世大控股 -> 1行 NO_PLACEE_DEF
[112/700] 02592 撥康視雲－Ｂ -> 1行 ARC Group
[113/700] 09982 中原建業 -> 1行 NO_PLACEE_DEF
[114/700] 02623 香港黃金產業集團 -> 1行 NO_NAMED_PLACEE(泛稱定義冇具名)
[115/700] 02465 龍蟠科技 -> 1行 NO_NAMED_PLACEE(泛稱定義冇具名)
[116/700] 02889 博泰車聯 -> 1行 NO_NAMED_PLACEE(泛稱定義冇具名)
[117/700] 01736 中國育兒網絡 -> 1行 NO_NAMED_PLACEE(泛稱定義冇具名)
[118/700] 01011 泰凌醫藥 -> 1行 NO_NAMED_PLACEE(泛稱定義冇具名)
[119/700] 00381 權識國際 -> 1行 NO_PLACEE_DEF
[120/700] 02349 中國智能基礎設施 -> 1行 NO_NAMED_PLACEE(泛稱定義冇具名)
[121/700] 01208 五礦資源 -> 1行 NO_NAMED_PLACEE(泛稱定義冇具名)
[122/700] 01869 貓屎咖啡控股 -> 1行 NO_NAMED_PLACEE(泛稱定義冇具名)
[123/700] 01920 巨美集團 -> 1行 NO_PLACEE_DEF
[124/700] 09677 威海銀行 -> 1行 NO_PLACEE_DEF
[125/700] 02490 樂艙物流 -> 1行 NO_NAMED_PLACEE(泛稱定義冇具名)
[126/700] 00821 匯盈控股 -> 1行 NO_PLACEE_DEF
[127/700] 00737 灣區發展 -> 1行 山東高速（香港）投資有限公司
[128/700] 01323 華盛國際控股 -> 1行 NO_NAMED_PLACEE(泛稱定義冇具名)
[129/700] 08131 諾亞智能 -> 1行 NO_NAMED_PLACEE(泛稱定義冇具名)
[130/700] 01912 康特隆 -> 1行 NO_ANN_FOUND(w=10)
[131/700] 01912 康特隆 -> 1行 NO_ANN_FOUND(w=10)
[132/700] 00174 盛洋投資 -> 1行 Novel Champion Global Limited
[133/700] 00493 國美零售 -> 1行 NO_PLACEE_DEF
[134/700] 00632 中港石油 -> 1行 NO_NAMED_PLACEE(泛稱定義冇具名)
[135/700] 01327 勵時集團 -> 1行 NO_NAMED_PLACEE(泛稱定義冇具名)
[136/700] 09936 稀美資源 -> 1行 NO_NAMED_PLACEE(泛稱定義冇具名)
[137/700] 01277 力量發展 -> 1行 NO_PLACEE_DEF
[138/700] 02550 宜搜科技 -> 1行 NO_ANN_FOUND(w=10)
[139/700] 01159 智數科技集團 -> 1行 NO_PLACEE_DEF
[140/700] 08031 易通訊集團 -> 1行 NO_NAMED_PLACEE(泛稱定義冇具名)
[141/700] 08510 TOPSTANDARDCORP -> 1行 Focus Dynamic Group
[142/700] 09689 金泰豐國際控股 -> 1行 NO_NAMED_PLACEE(泛稱定義冇具名)
[143/700] 02431 佑駕創新 -> 1行 ZTO WH HOLDING LIMITED
[144/700] 00080 ＣＡＩ控股 -> 1行 NO_PLACEE_DEF
[145/700] 06166 劍橋科技 -> 1行 NO_NAMED_PLACEE(泛稱定義冇具名)
[146/700] 03700 映宇宙 -> 1行 NO_NAMED_PLACEE(泛稱定義冇具名)
[147/700] 09678 雲知聲 -> 1行 NO_PLACEE_DEF
[148/700] 00428 中國天弓控股 -> 1行 NO_NAMED_PLACEE(泛稱定義冇具名)
[149/700] 00254 國家聯合資源 -> 3行 鄭凱斌,蒙露芳,付尚輝
[150/700] 06030 中信証券 -> 1行 NO_PLACEE_DEF
[151/700] 02497 富景中國控股 -> 1行 NO_ANN_FOUND(w=10)
[152/700] 01286 鷹普精密 -> 1行 NO_NAMED_PLACEE(泛稱定義冇具名)
[153/700] 00994 中天宏信 -> 1行 NO_NAMED_PLACEE(泛稱定義冇具名)
[154/700] 01679 瑞斯康集團 -> 1行 寧先生及郭女士
[155/700] 01152 正乾金融控股 -> 1行 NO_PLACEE_DEF
[156/700] 02028 映美控股 -> 1行 NO_NAMED_PLACEE(泛稱定義冇具名)
[157/700] 01146 匯成國際控股 -> 1行 張凱倫女士
[158/700] 00419 弘毅文化集團 -> 1行 NO_PLACEE_DEF
[159/700] 02257 聖諾醫藥－Ｂ -> 1行 NO_PLACEE_DEF
[160/700] 02540 樂思集團 -> 1行 NO_NAMED_PLACEE(泛稱定義冇具名)
[161/700] 00356 鼎立資本 -> 1行 眾貿環球有限公司
[162/700] 01384 滴普科技 -> 1行 NO_PLACEE_DEF
[163/700] 02515 天津建發 -> 1行 NO_NAMED_PLACEE(泛稱定義冇具名)
[164/700] 08395 中顯智能齊家控股 -> 1行 NO_NAMED_PLACEE(泛稱定義冇具名)
[165/700] 02495 聲通科技 -> 1行 NO_NAMED_PLACEE(泛稱定義冇具名)
[166/700] 01340 惠生國際 -> 1行 NO_NAMED_PLACEE(泛稱定義冇具名)
[167/700] 08299 大唐黃金 -> 1行 NO_NAMED_PLACEE(泛稱定義冇具名)
[168/700] 02617 藥捷安康－Ｂ -> 1行 NO_NAMED_PLACEE(泛稱定義冇具名)
[169/700] 08196 福田股份 -> 1行 NO_NAMED_PLACEE(泛稱定義冇具名)
[170/700] 00164 中國寶力科技 -> 9行 香港聯合交易所有限公司,孫文禮先生,董自剛先生,周棟浩先生,樊改平女士,陳熙先生
[171/700] 01003 歡喜傳媒 -> 1行 Phancy International Limited
[172/700] 02171 科濟藥業－Ｂ -> 1行 NO_NAMED_PLACEE(泛稱定義冇具名)
[173/700] 00813 世茂集團 -> 1行 NO_PLACEE_DEF
[174/700] 02556 邁富時 -> 1行 NO_PLACEE_DEF
[175/700] 01808 企展控股 -> 1行 NO_NAMED_PLACEE(泛稱定義冇具名)
[176/700] 01372 中國碳中和 -> 1行 NO_PLACEE_DEF
[177/700] 01087 威訊控股 -> 1行 NO_NAMED_PLACEE(泛稱定義冇具名)
[178/700] 02473 喜相逢集團 -> 1行 NO_NAMED_PLACEE(泛稱定義冇具名)
[179/700] 01803 北京體育文化 -> 1行 劉海先生
[180/700] 01729 匯聚科技 -> 1行 NO_NAMED_PLACEE(泛稱定義冇具名)
[181/700] 01631 REF HOLDINGS -> 1行 NO_NAMED_PLACEE(泛稱定義冇具名)
[182/700] 00309 新華通訊頻媒 -> 1行 NO_NAMED_PLACEE(泛稱定義冇具名)
[183/700] 02563 華昊中天醫藥－Ｂ -> 1行 百洋健康產業國際商貿有限公司
[184/700] 03919 金力集團 -> 1行 高健行先生
[185/700] 08471 新達控股 -> 1行 NO_NAMED_PLACEE(泛稱定義冇具名)
[186/700] 01568 承達集團 -> 1行 NO_NAMED_PLACEE(泛稱定義冇具名)
[187/700] 00476 科軒動力控股 -> 1行 何兆基先生
[188/700] 00456 新城市建設發展 -> 1行 NO_NAMED_PLACEE(泛稱定義冇具名)
[189/700] 00474 信銘生命科技 -> 1行 NO_PLACEE_DEF
[190/700] 00343 文化傳信 -> 1行 高女士及秦先生
[191/700] 01921 達力普控股 -> 1行 NO_PLACEE_DEF
[192/700] 01361 ３６１度 -> 1行 NO_PLACEE_DEF
[193/700] 02889 博泰車聯 -> 1行 即三鋒控股管理有限公司
[194/700] 03750 寧德時代 -> 1行 NO_NAMED_PLACEE(泛稱定義冇具名)
[195/700] 00472 新絲路控股集團 -> 1行 NO_NAMED_PLACEE(泛稱定義冇具名)
[196/700] 02522 一脈陽光 -> 1行 NO_PLACEE_DEF
[197/700] 00544 大同集團 -> 1行 中國農科國際控股有限公司
[198/700] 01152 正乾金融控股 -> 1行 NO_PLACEE_DEF
[199/700] 08120 國農金融投資 -> 1行 NO_NAMED_PLACEE(泛稱定義冇具名)
[200/700] 00524 長城天下 -> 1行 NO_NAMED_PLACEE(泛稱定義冇具名)
[201/700] 01380 中國金石 -> 1行 牛金有限公司
[202/700] 08125 榮記萬通 -> 1行 NO_NAMED_PLACEE(泛稱定義冇具名)
[203/700] 08320 沛然環保 -> 1行 NO_NAMED_PLACEE(泛稱定義冇具名)
[204/700] 00199 德祥地產 -> 1行 NO_NAMED_PLACEE(泛稱定義冇具名)
[205/700] 06682 範式智能 -> 1行 NO_NAMED_PLACEE(泛稱定義冇具名)
[206/700] 00302 中手游 -> 3行 Secure Precision Limited,一家於開曼群島註冊成立的有限公司,Shengqu Technology Korean Limited
[207/700] 03393 威勝控股 -> 1行 NO_PLACEE_DEF
[208/700] 02256 和譽－Ｂ -> 1行 NO_NAMED_PLACEE(泛稱定義冇具名)
[209/700] 00279 裕承科金 -> 1行 NO_NAMED_PLACEE(泛稱定義冇具名)
[210/700] 00451 時代數字 -> 1行 Pharos Network Technology Limited
[211/700] 00020 商湯－Ｗ -> 1行 NO_NAMED_PLACEE(泛稱定義冇具名)
[212/700] 02499 佛朗斯股份 -> 1行 香港春禾股權投資有限公司
[213/700] 06162 天瑞汽車內飾 -> 1行 NO_NAMED_PLACEE(泛稱定義冇具名)
[214/700] 01201 天臣控股 -> 1行 NO_NAMED_PLACEE(泛稱定義冇具名)
[215/700] 02312 ＬＯＮＧ投資集團 -> 1行 NO_PLACEE_DEF
[216/700] 00476 科軒動力控股 -> 1行 何兆基先生
[217/700] 02617 藥捷安康－Ｂ -> 1行 NO_NAMED_PLACEE(泛稱定義冇具名)
[218/700] 02616 基石藥業－Ｂ -> 1行 NO_NAMED_PLACEE(泛稱定義冇具名)
[219/700] 01153 佳源服務 -> 1行 NO_NAMED_PLACEE(泛稱定義冇具名)
[220/700] 02110 天成控股 -> 1行 NO_NAMED_PLACEE(泛稱定義冇具名)
[221/700] 03330 靈寶黃金 -> 1行 NO_NAMED_PLACEE(泛稱定義冇具名)
[222/700] 02473 喜相逢集團 -> 1行 NO_NAMED_PLACEE(泛稱定義冇具名)
[223/700] 01966 中駿集團控股 -> 1行 NO_PLACEE_DEF
[224/700] 09958 力天影業 -> 1行 NO_NAMED_PLACEE(泛稱定義冇具名)
[225/700] 02495 聲通科技 -> 1行 楊明煥先生
[226/700] 08403 德豐宿來 -> 1行 NO_NAMED_PLACEE(泛稱定義冇具名)
[227/700] 08246 中華燃氣 -> 1行 NO_PLACEE_DEF
[228/700] 08007 環球戰略集團 -> 1行 NO_NAMED_PLACEE(泛稱定義冇具名)
[229/700] 02439 中寶新材 -> 1行 NO_NAMED_PLACEE(泛稱定義冇具名)
[230/700] 00875 從玉智農 -> 1行 NO_NAMED_PLACEE(泛稱定義冇具名)
[231/700] 00110 中國長遠 -> 5行 中國鼎立資本控股集團有限公司,陳維先生,曾昭明先生,雷勇佳先生,廖建軍先生
[232/700] 02159 麥迪衛康 -> 1行 NO_NAMED_PLACEE(泛稱定義冇具名)
[233/700] 00164 中國寶力科技 -> 1行 NO_NAMED_PLACEE(泛稱定義冇具名)
[234/700] 08299 大唐黃金 -> 1行 NO_ANN_FOUND(w=10)
[235/700] 08153 嘉鼎國際集團 -> 1行 NO_NAMED_PLACEE(泛稱定義冇具名)
[236/700] 08431 浩柏國際 -> 1行 NO_NAMED_PLACEE(泛稱定義冇具名)
[237/700] 08079 曌生命 -> 1行 NO_PLACEE_DEF
[238/700] 08511 民富國際 -> 1行 NO_NAMED_PLACEE(泛稱定義冇具名)
[239/700] 06693 赤峰黃金 -> 1行 NO_PLACEE_DEF
[240/700] 08245 烽翼集團 -> 1行 NO_NAMED_PLACEE(泛稱定義冇具名)
[241/700] 00876 佳兆業健康 -> 1行 NO_PLACEE_DEF
[242/700] 00264 中聯發展控股 -> 1行 NO_NAMED_PLACEE(泛稱定義冇具名)
[243/700] 00653 卓悅控股 -> 1行 高健行先生
[244/700] 08406 中國口腔產業 -> 1行 NO_PLACEE_DEF
[245/700] 01020 中細軟科技 -> 1行 NO_NAMED_PLACEE(泛稱定義冇具名)
[246/700] 01703 誼和股份 -> 1行 香港聯合交易所有限公司
[247/700] 08168 寶積資本 -> 1行 NO_NAMED_PLACEE(泛稱定義冇具名)
[248/700] 01762 萬咖壹聯 -> 1行 NO_PLACEE_DEF
[249/700] 02582 國富氫能 -> 1行 NO_NAMED_PLACEE(泛稱定義冇具名)
[250/700] 00721 中國金融國際 -> 1行 NO_PLACEE_DEF
