具名承配人事件: 87
[1] MANUAL_02113_02/09/26 唔喺輸入清單，跳過
[2/87] 00673 -> 3名 Ample Colour Limited,Perfect Link Group,鄔琳玲女士
[3/87] 08365 -> 1名 Redbridge Capital
[4/87] 00110 -> 5名 中國鼎立資本控股集團有限公司,陳維先生,曾昭明先生,雷勇佳先生
[5/87] 00164 -> 8名 孫文禮先生,董自剛先生,周棟浩先生,樊改平女士
[6/87] 00174 -> 1名 Novel Champion Global Limited
[7/87] 00199 -> 1名 The Reynold Lemkins Group
[8/87] 00254 -> 3名 鄭凱斌,蒙露芳,付尚輝
[9/87] 00302 -> 3名 Secure Precision Limited,一家於開曼群島註冊成立的有限公司,Shengqu Technology Korean Limited
[10/87] 00343 -> 1名 高女士及秦先生
[11/87] 00348 -> 1名 陳麗金女士
[12/87] 00353 -> 1名 孫可先生
[13/87] 00356 -> 1名 眾貿環球有限公司
[14/87] 00451 -> 1名 Pharos Network Technology Limited
[15/87] 00476 -> 1名 何兆基先生
[16/87] 00476 -> 1名 何兆基先生
[17/87] 00476 -> 1名 數智集團有限公司
[18/87] 00476 -> 4名 金章科技有限公司,香港岷壬科技股份有限公司,焰星科技有限公司,坤錦控股有限公司
[19/87] 00485 -> 1名 Harvest Fortune Investment
[20/87] 00493 -> 2名 上海金鉑鼎企業服務有限公司,中國泰岳科技有限公司
[21/87] 00544 -> 1名 中國農科國際控股有限公司
[22/87] 00544 -> 1名 Victoria Sight Capital
[23/87] 00544 -> 3名 中國航空發展有限公司,Voyage Capital,香港黃金珠寶飾品集團有限公司
[24/87] 00653 -> 2名 高健行先生,張玉先生
[25/87] 00653 -> 1名 高健行先生
[26/87] 00673 -> 1名 香港日衡有限公司
[27/87] 00720 -> 1名 Unicorn Global Group
[28/87] 00737 -> 1名 山東高速（香港）投資有限公司
[29/87] 00815 -> 5名 叶麗曼女士,張鉄仁先生,俞焰先生,陳澤君女士
[30/87] 00931 -> 1名 認購方為星火實業集團（香港）有限公司
[31/87] 00948 -> 1名 一間於香港註冊成立的有限公司
[32/87] 00970 -> 1名 聖瑋實業發展有限公司
[33/87] 01003 -> 1名 Phancy International Limited
[34/87] 01142 -> 1名 Smart Concept Technology Limited
[35/87] 01146 -> 1名 張凱倫女士
[36/87] 01201 -> 1名 李偉先生
[37/87] 01239 -> 1名 Shenghai International Industrial Investment
[38/87] 01332 -> 1名 彭毅先生
[39/87] 01380 -> 1名 牛金有限公司
[40/87] 01396 -> 2名 頂昇有限公司,Joe-i Limited
[41/87] 01452 -> 1名 趙姝女士
[42/87] 01679 -> 1名 寧先生及郭女士
[43/87] 01709 -> 1名 Evergreen Wealth Investment
[44/87] 01725 -> 1名 鍾麗女士
[45/87] 01803 -> 1名 劉海先生
[46/87] 01815 -> 1名 GLOBAL A Trading (HK) Limited
[47/87] 01842 -> 1名 Charming Blaze Limited
[48/87] 01894 -> 2名 黃慶華,葉靈川
[49/87] 01920 -> 1名 China Alliance Venture Technology Limited
[50/87] 01949 -> 1名 香港天草生態科技股份有限公司
[51/87] 02216 -> 1名 上海瑛泰醫療器械股份有限公司
[52/87] 02312 -> 1名 Innoval Capital
[53/87] 02339 -> 4名 京西重工（香港）有限公司,劉喜合先生,許安磐女士,姚連芳女士
[54/87] 02410 -> 1名 Anchor International Limited
[55/87] 02431 -> 1名 ZTO WH HOLDING LIMITED
[56/87] 02440 -> 4名 林雍先生,陳思翰先生,馮澤輝先生,余子雷先生
[57/87] 02495 -> 1名 楊明煥先生
[58/87] 02499 -> 1名 香港春禾股權投資有限公司
[59/87] 02533 -> 2名 上海雙創金翃企業管理有限公司,SpreadCom Limited
[60/87] 02563 -> 1名 百洋健康產業國際商貿有限公司
[61/87] 02592 -> 1名 ARC Group
[62/87] 02610 -> 1名 Nanshan Aluminium Investment
[63/87] 02685 -> 1名 Fortune Financial Products Limited
[64/87] 02889 -> 1名 即三鋒控股管理有限公司
[65/87] 03708 -> 1名 中國鑄晨81金融有限公司
[66/87] 03919 -> 1名 高健行先生
[67/87] 03919 -> 1名 高健行先生
[68/87] 03919 -> 1名 Electronica Capital
[69/87] 06928 -> 1名 馬汝峰先生
[70/87] 08079 -> 1名 俊昇香港創意媒體有限公司
[71/87] 08143 -> 2名 能源礦產（香港）聯合有限公司,國泰大健康產業控股集團有限公司
[72/87] 08159 -> 2名 中盛投資集團有限公司,吳俊先生
[73/87] 08191 -> 4名 陳剛先生,左麗君女士,蕭勇杰先生,黃家敏女士
[74/87] 08246 -> 1名 高佳投資有限公司
[75/87] 08321 -> 1名 Redbridge Capital
[76/87] 08391 -> 1名 Mile Green Co. Limited
[77/87] 08412 -> 1名 王宁先生
[78/87] 08427 -> 1名 蔡尚圻先生
[79/87] 08482 -> 1名 會主席呂克宜先生
[80/87] 08510 -> 1名 Focus Dynamic Group
[81/87] 08510 -> 1名 Focus Dynamic Group
[82/87] 08510 -> 1名 Focus Dynamic Group
[83/87] 08547 -> 1名 鄭菁女士
[84/87] 08547 -> 1名 林秋霞女士
[85/87] 08547 -> 1名 黃月嫦女士
[86/87] 09600 -> 1名 Blossoming M Holdings
[87/87] 09939 -> 1名 華圓管理諮詢（香港）有限公司
重寫86宗事件、128行；pct_source分佈：{nan: 606, None: 60, 'EXPLICIT': 51, 'ESTIMATED': 21}
